Component: ARM Compiler 5.06 update 6 (build 750) Tool: armlink [4d35ed]

==============================================================================

Section Cross References

    startup_arty_cm1.o(STACK) refers (Special) to heapauxi.o(.text) for __use_two_region_memory
    startup_arty_cm1.o(HEAP) refers (Special) to heapauxi.o(.text) for __use_two_region_memory
    startup_arty_cm1.o(RESET) refers (Special) to heapauxi.o(.text) for __use_two_region_memory
    startup_arty_cm1.o(RESET) refers to startup_arty_cm1.o(STACK) for __initial_sp
    startup_arty_cm1.o(RESET) refers to startup_arty_cm1.o(.text) for Reset_Handler
    startup_arty_cm1.o(RESET) refers to main.o(.text) for SysTick_Handler
    startup_arty_cm1.o(RESET) refers to uart.o(.text) for UART0_Handler
    startup_arty_cm1.o(RESET) refers to gpio.o(.text) for GPIO0_Handler
    startup_arty_cm1.o(RESET) refers to spi.o(.text) for QSPI0_Handler
    startup_arty_cm1.o(.text) refers (Special) to heapauxi.o(.text) for __use_two_region_memory
    startup_arty_cm1.o(.text) refers to system_arty_cm1.o(.text) for SystemInit
    startup_arty_cm1.o(.text) refers to __main.o(!!!main) for __main
    startup_arty_cm1.o(.text) refers to startup_arty_cm1.o(HEAP) for Heap_Mem
    startup_arty_cm1.o(.text) refers to startup_arty_cm1.o(STACK) for Stack_Mem
    system_arty_cm1.o(.text) refers to system_arty_cm1.o(.data) for .data
    outbyte.o(.text) refers to xuartlite_l.o(.text) for XUartLite_SendByte
    print.o(.text) refers to outbyte.o(.text) for outbyte
    xil_assert.o(.text) refers to xil_assert.o(.data) for .data
    xil_printf.o(.text) refers to outbyte.o(.text) for outbyte
    xil_printf.o(.text) refers to strlen.o(.text) for strlen
    xil_printf.o(.text) refers to rt_memcpy.o(.emb_text) for __aeabi_memcpy4
    xil_printf.o(.text) refers to aeabi_sdiv.o(.text) for __aeabi_uidivmod
    xil_printf.o(.text) refers to rt_ctype_table.o(.text) for __rt_ctype_table
    xil_printf.o(.text) refers to tolower.o(.text) for tolower
    main.o(.text) refers to _printf_percent.o(.ARM.Collect$$_printf_percent$$00000000) for _printf_percent
    main.o(.text) refers to _printf_x.o(.ARM.Collect$$_printf_percent$$0000000C) for _printf_x
    main.o(.text) refers to _printf_hex_int.o(.text) for _printf_longlong_hex
    main.o(.text) refers to _printf_i.o(.ARM.Collect$$_printf_percent$$00000008) for _printf_i
    main.o(.text) refers to _printf_s.o(.ARM.Collect$$_printf_percent$$00000014) for _printf_s
    main.o(.text) refers to _printf_dec.o(.text) for _printf_int_dec
    main.o(.text) refers to _printf_str.o(.text) for _printf_str
    main.o(.text) refers to _printf_f.o(.ARM.Collect$$_printf_percent$$00000003) for _printf_f
    main.o(.text) refers to printf1.o(x$fpl$printf1) for _printf_fp_dec
    main.o(.text) refers to rt_memcpy.o(.emb_text) for __aeabi_memcpy4
    main.o(.text) refers to uart.o(.text) for InitialiseUART
    main.o(.text) refers to gpio.o(.text) for InitialiseGPIO
    main.o(.text) refers to print.o(.text) for print
    main.o(.text) refers to spi.o(.text) for InitialiseSPI
    main.o(.text) refers to noretval__2sprintf.o(.text) for __2sprintf
    main.o(.text) refers to strcpy.o(.text) for strcpy
    main.o(.text) refers to pmodhygro.o(.text) for HYGRO_begin
    main.o(.text) refers to pmodnav.o(.text) for NAV_begin
    main.o(.text) refers to f2d.o(.text) for __aeabi_f2d
    main.o(.text) refers to main.o(.constdata) for .constdata
    main.o(.text) refers to main.o(.bss) for .bss
    main.o(.text) refers to main.o(.data) for .data
    gpio.o(.text) refers to xgpio_sinit.o(.text) for XGpio_Initialize
    gpio.o(.text) refers to xgpio.o(.text) for XGpio_SetDataDirection
    gpio.o(.text) refers to xgpio_intr.o(.text) for XGpio_InterruptEnable
    gpio.o(.text) refers to gpio.o(.bss) for .bss
    spi.o(.text) refers to _printf_percent.o(.ARM.Collect$$_printf_percent$$00000000) for _printf_percent
    spi.o(.text) refers to _printf_i.o(.ARM.Collect$$_printf_percent$$00000008) for _printf_i
    spi.o(.text) refers to _printf_dec.o(.text) for _printf_int_dec
    spi.o(.text) refers to xspi_sinit.o(.text) for XSpi_Initialize
    spi.o(.text) refers to xspi.o(.text) for XSpi_Reset
    spi.o(.text) refers to noretval__2sprintf.o(.text) for __2sprintf
    spi.o(.text) refers to print.o(.text) for print
    spi.o(.text) refers to spi.o(.bss) for .bss
    uart.o(.text) refers to xuartlite_sinit.o(.text) for XUartLite_Initialize
    uart.o(.text) refers to xuartlite_intr.o(.text) for XUartLite_SetSendHandler
    uart.o(.text) refers to xuartlite.o(.text) for XUartLite_Recv
    uart.o(.text) refers to uart.o(.data) for .data
    uart.o(.text) refers to uart.o(.bss) for .bss
    xgpio.o(.text) refers to xil_assert.o(.text) for Xil_Assert
    xgpio.o(.text) refers to xil_assert.o(.data) for Xil_AssertStatus
    xgpio.o(.text) refers to xgpio.o(.conststring) for .conststring
    xgpio_extra.o(.text) refers to xil_assert.o(.text) for Xil_Assert
[...]
    .ARM.Collect$$libinit$$00000032          0x00000168   Section        0  libinit2.o(.ARM.Collect$$libinit$$00000032)
    .ARM.Collect$$libinit$$00000033          0x00000168   Section        2  libinit2.o(.ARM.Collect$$libinit$$00000033)
    .ARM.Collect$$libshutdown$$00000000      0x0000016a   Section        2  libshutdown.o(.ARM.Collect$$libshutdown$$00000000)
    .ARM.Collect$$libshutdown$$00000002      0x0000016c   Section        0  libshutdown2.o(.ARM.Collect$$libshutdown$$00000002)
    .ARM.Collect$$libshutdown$$00000004      0x0000016c   Section        0  libshutdown2.o(.ARM.Collect$$libshutdown$$00000004)
    .ARM.Collect$$libshutdown$$00000007      0x0000016c   Section        0  libshutdown2.o(.ARM.Collect$$libshutdown$$00000007)
    .ARM.Collect$$libshutdown$$0000000A      0x0000016c   Section        0  libshutdown2.o(.ARM.Collect$$libshutdown$$0000000A)
    .ARM.Collect$$libshutdown$$0000000C      0x0000016c   Section        0  libshutdown2.o(.ARM.Collect$$libshutdown$$0000000C)
    .ARM.Collect$$libshutdown$$0000000F      0x0000016c   Section        0  libshutdown2.o(.ARM.Collect$$libshutdown$$0000000F)
    .ARM.Collect$$libshutdown$$00000010      0x0000016c   Section        2  libshutdown2.o(.ARM.Collect$$libshutdown$$00000010)
    .ARM.Collect$$rtentry$$00000000          0x0000016e   Section        0  __rtentry.o(.ARM.Collect$$rtentry$$00000000)
    .ARM.Collect$$rtentry$$00000002          0x0000016e   Section        0  __rtentry2.o(.ARM.Collect$$rtentry$$00000002)
    .ARM.Collect$$rtentry$$00000004          0x0000016e   Section        6  __rtentry4.o(.ARM.Collect$$rtentry$$00000004)
    .ARM.Collect$$rtentry$$00000009          0x00000174   Section        0  __rtentry2.o(.ARM.Collect$$rtentry$$00000009)
    .ARM.Collect$$rtentry$$0000000A          0x00000174   Section        4  __rtentry2.o(.ARM.Collect$$rtentry$$0000000A)
    .ARM.Collect$$rtentry$$0000000C          0x00000178   Section        0  __rtentry2.o(.ARM.Collect$$rtentry$$0000000C)
    .ARM.Collect$$rtentry$$0000000D          0x00000178   Section        8  __rtentry2.o(.ARM.Collect$$rtentry$$0000000D)
    .ARM.Collect$$rtexit$$00000000           0x00000180   Section        2  rtexit.o(.ARM.Collect$$rtexit$$00000000)
    .ARM.Collect$$rtexit$$00000002           0x00000182   Section        0  rtexit2.o(.ARM.Collect$$rtexit$$00000002)
    .ARM.Collect$$rtexit$$00000003           0x00000182   Section        4  rtexit2.o(.ARM.Collect$$rtexit$$00000003)
    .ARM.Collect$$rtexit$$00000004           0x00000186   Section        6  rtexit2.o(.ARM.Collect$$rtexit$$00000004)
    .emb_text                                0x0000018c   Section       56  rt_memcpy.o(.emb_text)
    .emb_text                                0x000001c4   Section        0  maybetermalloc1.o(.emb_text)
    .text                                    0x000001c4   Section       56  startup_arty_cm1.o(.text)
    .text                                    0x000001fc   Section        0  system_arty_cm1.o(.text)
    .text                                    0x00000214   Section        0  outbyte.o(.text)
    .text                                    0x00000224   Section        0  print.o(.text)
    .text                                    0x00000238   Section        0  xil_assert.o(.text)
    .text                                    0x00000258   Section        0  main.o(.text)
    .text                                    0x0000077c   Section        0  gpio.o(.text)
    .text                                    0x00000910   Section        0  spi.o(.text)
    NVIC_ClearPendingIRQ                     0x00000b0b   Thumb Code    14  spi.o(.text)
    .text                                    0x00000b44   Section        0  uart.o(.text)
    .text                                    0x00000bc8   Section        0  xgpio.o(.text)
    .text                                    0x00000d6c   Section        0  xgpio_intr.o(.text)
    .text                                    0x00000fa8   Section        0  xgpio_sinit.o(.text)
    .text                                    0x00001010   Section        0  xspi.o(.text)
    StubStatusHandler                        0x00001083   Thumb Code    18  xspi.o(.text)
    .text                                    0x0000171c   Section        0  xspi_options.o(.text)
    .text                                    0x000017fc   Section        0  xspi_sinit.o(.text)
    .text                                    0x00001864   Section        0  xuartlite.o(.text)
    StubHandler                              0x00001865   Thumb Code    20  xuartlite.o(.text)
    .text                                    0x00001ae4   Section        0  xuartlite_intr.o(.text)
    SendDataHandler                          0x00001b6d   Thumb Code    38  xuartlite_intr.o(.text)
    ReceiveDataHandler                       0x00001b93   Thumb Code    38  xuartlite_intr.o(.text)
    .text                                    0x00001c74   Section        0  xuartlite_l.o(.text)
    .text                                    0x00001c8c   Section        0  xuartlite_sinit.o(.text)
    .text                                    0x00001cf0   Section        0  xuartlite_stats.o(.text)
    .text                                    0x00001d98   Section        0  pmodhygro.o(.text)
    .text                                    0x0000202c   Section        0  xiic.o(.text)
    XIic_StubStatusHandler                   0x00002067   Thumb Code    18  xiic.o(.text)
    XIic_StubHandler                         0x00002079   Thumb Code    20  xiic.o(.text)
    .text                                    0x00002414   Section        0  xiic_l.o(.text)
    RecvData                                 0x00002449   Thumb Code   116  xiic_l.o(.text)
    SendData                                 0x00002557   Thumb Code   120  xiic_l.o(.text)
    DynRecvData                              0x0000266b   Thumb Code    60  xiic_l.o(.text)
    DynSendData                              0x00002707   Thumb Code    94  xiic_l.o(.text)
    .text                                    0x000027fc   Section        0  xiic_stats.o(.text)
    .text                                    0x00002898   Section        0  xtmrctr.o(.text)
    XTmrCtr_StubCallback                     0x00002899   Thumb Code    44  xtmrctr.o(.text)
    .text                                    0x00002e88   Section        0  xtmrctr_sinit.o(.text)
    .text                                    0x00002e8c   Section        0  pmodnav.o(.text)
    .text                                    0x00003d74   Section        0  h1_alloc.o(.text)
    .text                                    0x00003dd6   Section        0  h1_free.o(.text)
    .text                                    0x00003e24   Section        0  noretval__2sprintf.o(.text)
    .text                                    0x00003e4c   Section        0  __printf.o(.text)
    .text                                    0x00003eb8   Section        0  _printf_str.o(.text)
    .text                                    0x00003f0c   Section        0  _printf_dec.o(.text)
    .text                                    0x00003f78   Section        0  _printf_hex_int.o(.text)
    .text                                    0x00003fd0   Section        0  strcpy.o(.text)
    .text                                    0x0000401c   Section      346  aeabi_sdiv.o(.text)
    .text                                    0x00004176   Section        0  heapauxi.o(.text)
    .text                                    0x0000417c   Section        0  d2f.o(.text)
    .text                                    0x000041f8   Section        0  daddsub.o(.text)
    _dadd1                                   0x000041f9   Thumb Code   290  daddsub.o(.text)
    _dsub1                                   0x0000431b   Thumb Code   470  daddsub.o(.text)
    .text                                    0x00004550   Section        0  ddiv.o(.text)
    .text                                    0x00004998   Section        0  dflti.o(.text)
    .text                                    0x000049f0   Section        0  dmul.o(.text)
    .text                                    0x00004c38   Section        0  dscalbn.o(.text)
    .text                                    0x00004c98   Section        0  f2d.o(.text)
    .text                                    0x00004cec   Section        0  fdiv.o(.text)
    .text                                    0x00004e4c   Section        0  ffixui.o(.text)
    .text                                    0x00004e7c   Section        0  fflti.o(.text)
    .text                                    0x00004eda   Section        0  ffltl.o(.text)
    .text                                    0x00004f5c   Section        0  fscalbn.o(.text)
    .text                                    0x00004fa0   Section        8  rt_heap_descriptor_intlibspace.o(.text)
    .text                                    0x00004fa8   Section        8  rt_locale_intlibspace.o(.text)
    .text                                    0x00004fb0   Section        0  hguard.o(.text)
    .text                                    0x00004fb4   Section        0  init_alloc.o(.text)
    .text                                    0x0000503c   Section        0  h1_init.o(.text)
    .text                                    0x0000504a   Section        0  _printf_intcommon.o(.text)
    .text                                    0x000050fc   Section        0  _printf_fp_dec.o(.text)
    _fp_digits                               0x000050ff   Thumb Code   412  _printf_fp_dec.o(.text)
    .text                                    0x00005514   Section        0  _printf_char_common.o(.text)
    _printf_input_char                       0x00005515   Thumb Code    10  _printf_char_common.o(.text)
    .text                                    0x00005544   Section        0  _sputc.o(.text)
    .text                                    0x0000554e   Section        0  _printf_char.o(.text)
    .text                                    0x0000557c   Section        0  rtudiv10.o(.text)
    .text                                    0x000055a4   Section        8  libspace.o(.text)
    .text                                    0x000055ac   Section        0  h1_extend.o(.text)
    .text                                    0x000055e0   Section        0  lludiv10.o(.text)
    .text                                    0x0000565c   Section        0  _printf_fp_infnan.o(.text)
    .text                                    0x000056e4   Section        0  bigflt0.o(.text)
    .text                                    0x000057bc   Section        0  btod.o(.text)
    btod_internal_mul                        0x000057fd   Thumb Code   492  btod.o(.text)
    btod_internal_div                        0x000059e9   Thumb Code   520  btod.o(.text)
    .text                                    0x00005d3c   Section        0  defsig_rtmem_outer.o(.text)
    .text                                    0x00005d48   Section        0  strcmp.o(.text)
    .text                                    0x00005dd0   Section        2  use_no_semi.o(.text)
    .text                                    0x00005dd2   Section        0  indicate_semi.o(.text)
    .text                                    0x00005dd2   Section       62  sys_stackheap_outer.o(.text)
    .text                                    0x00005e10   Section        0  exit.o(.text)
    .text                                    0x00005e20   Section        0  defsig_exit.o(.text)
    .text                                    0x00005e2c   Section        0  defsig_rtmem_inner.o(.text)
    .text                                    0x00005e7c   Section        0  sys_exit.o(.text)
    .text                                    0x00005e88   Section        0  defsig_general.o(.text)
    .text                                    0x00005ebc   Section        0  sys_wrch.o(.text)
    .text                                    0x00005ec8   Section        0  __dczerorl2.o(.text)
    i.__ARM_common_ll_muluu                  0x00005f1e   Section        0  btod.o(i.__ARM_common_ll_muluu)
    i.__ARM_common_switch8                   0x00005f4e   Section        0  pmodnav.o(i.__ARM_common_switch8)
    i.__ARM_fpclassify                       0x00005f68   Section        0  fpclassify.o(i.__ARM_fpclassify)
    locale$$code                             0x00005f94   Section       44  lc_numeric_c.o(locale$$code)
    x$fpl$fadd                               0x00005fc0   Section      140  faddsub.o(x$fpl$fadd)
    _fadd1                                   0x00005fcd   Thumb Code     0  faddsub.o(x$fpl$fadd)
    x$fpl$fmul                               0x0000604c   Section      176  fmul.o(x$fpl$fmul)
    x$fpl$fsub                               0x000060fc   Section      208  faddsub.o(x$fpl$fsub)
    _fsub1                                   0x00006109   Thumb Code     0  faddsub.o(x$fpl$fsub)
    x$fpl$printf1                            0x000061cc   Section       16  printf1.o(x$fpl$printf1)
    .constdata                               0x000061dc   Section       32  main.o(.constdata)
    x$fpl$usenofp                            0x000061dc   Section        0  usenofp.o(x$fpl$usenofp)
    .constdata                               0x000061fc   Section       40  _printf_hex_int.o(.constdata)
    uc_hextab                                0x000061fc   Data          20  _printf_hex_int.o(.constdata)
    lc_hextab                                0x00006210   Data          20  _printf_hex_int.o(.constdata)
    .constdata                               0x00006224   Section      128  ddiv.o(.constdata)
    ddiv_reciptbl                            0x00006224   Data         128  ddiv.o(.constdata)
    .constdata                               0x000062a4   Section       64  fdiv.o(.constdata)
    fdiv_tab                                 0x000062a4   Data          64  fdiv.o(.constdata)
    .constdata                               0x000062e4   Section      148  bigflt0.o(.constdata)
    tenpwrs_x                                0x000062e4   Data          60  bigflt0.o(.constdata)
    tenpwrs_i                                0x00006320   Data          64  bigflt0.o(.constdata)
    .conststring                             0x00006378   Section       75  xgpio.o(.conststring)
    .conststring                             0x000063c4   Section       80  xgpio_intr.o(.conststring)
    .conststring                             0x00006414   Section       81  xgpio_sinit.o(.conststring)
    .conststring                             0x00006468   Section       73  xspi.o(.conststring)
    .conststring                             0x000064b4   Section       81  xspi_options.o(.conststring)
    .conststring                             0x00006508   Section       79  xspi_sinit.o(.conststring)
    .conststring                             0x00006558   Section       83  xuartlite.o(.conststring)
    .conststring                             0x000065ac   Section       88  xuartlite_intr.o(.conststring)
    .conststring                             0x00006604   Section       89  xuartlite_sinit.o(.conststring)
    .conststring                             0x00006660   Section       89  xuartlite_stats.o(.conststring)
    .conststring                             0x000066bc   Section       79  xiic.o(.conststring)
    .conststring                             0x0000670c   Section       85  xiic_stats.o(.conststring)
    .conststring                             0x00006764   Section       82  xtmrctr.o(.conststring)
    locale$$data                             0x000067d8   Section       28  lc_numeric_c.o(locale$$data)
    __lcnum_c_name                           0x000067dc   Data           2  lc_numeric_c.o(locale$$data)
    __lcnum_c_start                          0x000067e4   Data           0  lc_numeric_c.o(locale$$data)
    __lcnum_c_point                          0x000067f0   Data           0  lc_numeric_c.o(locale$$data)
    __lcnum_c_thousands                      0x000067f2   Data           0  lc_numeric_c.o(locale$$data)
    __lcnum_c_grouping                       0x000067f3   Data           0  lc_numeric_c.o(locale$$data)
    __lcnum_c_end                            0x000067f4   Data           0  lc_numeric_c.o(locale$$data)
    .data                                    0x20000000   Section        4  system_arty_cm1.o(.data)
    .data                                    0x20000004   Section        8  xil_assert.o(.data)
    Xil_AssertCallbackRoutine                0x20000008   Data           4  xil_assert.o(.data)
    .data                                    0x2000000c   Section        4  xil_assert.o(.data)
    .data                                    0x20000010   Section       12  main.o(.data)
    .data                                    0x2000001c   Section       12  uart.o(.data)
    BytesRx                                  0x2000001c   Data           4  uart.o(.data)
    TotalReceivedCount                       0x20000020   Data           4  uart.o(.data)
    TotalSentCount                           0x20000024   Data           4  uart.o(.data)
    .data                                    0x20000028   Section       48  xgpio_g.o(.data)
    .data                                    0x20000058   Section      112  xspi_g.o(.data)
    .data                                    0x200000c8   Section       40  xspi_options.o(.data)
    OptionsTable                             0x200000c8   Data          40  xspi_options.o(.data)
    .data                                    0x200000f0   Section       16  xuartlite_g.o(.data)
    .data                                    0x20000100   Section       16  pmodhygro.o(.data)
    .data                                    0x20000110   Section        2  xtmrctr_l.o(.data)
    .data                                    0x20000114   Section       28  pmodnav.o(.data)
    .bss                                     0x20000130   Section      312  main.o(.bss)
    .bss                                     0x20000268   Section       48  gpio.o(.bss)
    Gpio_Led_DIPSw                           0x20000268   Data          16  gpio.o(.bss)
    Gpio_RGBLed_PB                           0x20000278   Data          16  gpio.o(.bss)
    Gpio_DAPLink                             0x20000288   Data          16  gpio.o(.bss)
    .bss                                     0x20000298   Section      604  spi.o(.bss)
    QSPI_base                                0x20000298   Data          92  spi.o(.bss)
    QSPI_base_tx_buf                         0x200002f4   Data         256  spi.o(.bss)
    QSPI_base_rx_buf                         0x200003f4   Data         256  spi.o(.bss)
    .bss                                     0x200004f4   Section      332  uart.o(.bss)
    UART0_instance                           0x200004f4   Data          76  uart.o(.bss)
    .bss                                     0x20000640   Section       12  pmodhygro.o(.bss)
    .bss                                     0x2000064c   Section       96  libspace.o(.bss)
    HEAP                                     0x200006b0   Section     3072  startup_arty_cm1.o(HEAP)
    Heap_Mem                                 0x200006b0   Data        3072  startup_arty_cm1.o(HEAP)
    STACK                                    0x200012b0   Section     1024  startup_arty_cm1.o(STACK)
    Stack_Mem                                0x200012b0   Data        1024  startup_arty_cm1.o(STACK)
    __initial_sp                             0x200016b0   Data           0  startup_arty_cm1.o(STACK)

    Global Symbols

    Symbol Name                              Value     Ov Type        Size  Object(Section)

    BuildAttributes$$THM_ISAv3M$S$PE$A:L22$X:L11$S22$IEEE1$IW$USESV6$~STKCKD$USESV7$~SHL$OTIME$ROPI$IEEEJ$EBA8$UX$STANDARDLIB$REQ8$PRES8$EABIv2 0x00000000   Number         0  anon$$obj.o ABSOLUTE
    __ARM_use_no_argv                        0x00000000   Number         0  main.o ABSOLUTE
    __Vectors                                0x00000000   Data           4  startup_arty_cm1.o(RESET)
    __ARM_exceptions_init                     - Undefined Weak Reference
    __alloca_initialize                       - Undefined Weak Reference
    __arm_preinit_                            - Undefined Weak Reference
    __cpp_initialize__aeabi_                  - Undefined Weak Reference
    __cxa_finalize                            - Undefined Weak Reference
    __sigvec_lookup                           - Undefined Weak Reference
    __user_heap_extent                        - Undefined Weak Reference
    _atexit_init                              - Undefined Weak Reference
    _call_atexit_fns                          - Undefined Weak Reference
    _clock_init                               - Undefined Weak Reference
    _fp_trap_init                             - Undefined Weak Reference
    _fp_trap_shutdown                         - Undefined Weak Reference
    _get_lc_collate                           - Undefined Weak Reference
    _get_lc_monetary                          - Undefined Weak Reference
    _get_lc_time                              - Undefined Weak Reference
    _getenv_init                              - Undefined Weak Reference
    _handle_redirection                       - Undefined Weak Reference
    _initio                                   - Undefined Weak Reference
    _mutex_acquire                            - Undefined Weak Reference
    _mutex_free                               - Undefined Weak Reference
    _mutex_release                            - Undefined Weak Reference
    _printf_mbtowc                            - Undefined Weak Reference
    _printf_post_padding                      - Undefined Weak Reference
    _printf_pre_padding                       - Undefined Weak Reference
    _printf_truncate_signed                   - Undefined Weak Reference
    _printf_truncate_unsigned                 - Undefined Weak Reference
    _rand_init                                - Undefined Weak Reference
    _signal_finish                            - Undefined Weak Reference
    _signal_init                              - Undefined Weak Reference
    _terminateio                              - Undefined Weak Reference
    __Vectors_End                            0x000000c0   Data           0  startup_arty_cm1.o(RESET)
    __Vectors_Size                           0x000000c0   Number         0  startup_arty_cm1.o ABSOLUTE
    __main                                   0x000000c1   Thumb Code     8  __main.o(!!!main)
    __scatterload                            0x000000c9   Thumb Code     0  __scatter.o(!!!scatter)
    __scatterload_rt2                        0x000000c9   Thumb Code    52  __scatter.o(!!!scatter)
    __scatterload_rt2_thumb_only             0x000000c9   Thumb Code     0  __scatter.o(!!!scatter)
    __scatterload_null                       0x000000d9   Thumb Code     0  __scatter.o(!!!scatter)
    __scatterload_zeroinit                   0x00000105   Thumb Code    28  __scatter_zi.o(!!handler_zi)
    _printf_percent                          0x00000121   Thumb Code     0  _printf_percent.o(.ARM.Collect$$_printf_percent$$00000000)
    _printf_f                                0x00000123   Thumb Code     0  _printf_f.o(.ARM.Collect$$_printf_percent$$00000003)
    _printf_i                                0x0000012d   Thumb Code     0  _printf_i.o(.ARM.Collect$$_printf_percent$$00000008)
    _printf_x                                0x00000137   Thumb Code     0  _printf_x.o(.ARM.Collect$$_printf_percent$$0000000C)
    _printf_s                                0x00000141   Thumb Code     0  _printf_s.o(.ARM.Collect$$_printf_percent$$00000014)
    _printf_percent_end                      0x0000014b   Thumb Code     0  _printf_percent_end.o(.ARM.Collect$$_printf_percent$$00000017)
    __rt_lib_init                            0x0000014f   Thumb Code     0  libinit.o(.ARM.Collect$$libinit$$00000000)
    __rt_lib_init_fp_1                       0x00000151   Thumb Code     0  libinit2.o(.ARM.Collect$$libinit$$00000002)
    __rt_lib_init_heap_2                     0x00000151   Thumb Code     0  libinit2.o(.ARM.Collect$$libinit$$00000005)
    __rt_lib_init_preinit_1                  0x00000151   Thumb Code     0  libinit2.o(.ARM.Collect$$libinit$$00000004)
    __rt_lib_init_heap_1                     0x00000159   Thumb Code     0  libinit2.o(.ARM.Collect$$libinit$$0000000A)
    __rt_lib_init_lc_common                  0x00000159   Thumb Code     0  libinit2.o(.ARM.Collect$$libinit$$0000000F)
    __rt_lib_init_rand_1                     0x00000159   Thumb Code     0  libinit2.o(.ARM.Collect$$libinit$$0000000E)
    __rt_lib_init_user_alloc_1               0x00000159   Thumb Code     0  libinit2.o(.ARM.Collect$$libinit$$0000000C)
    __rt_lib_init_lc_collate_1               0x0000015f   Thumb Code     0  libinit2.o(.ARM.Collect$$libinit$$00000011)
    __rt_lib_init_lc_ctype_1                 0x0000015f   Thumb Code     0  libinit2.o(.ARM.Collect$$libinit$$00000013)
    __rt_lib_init_lc_monetary_1              0x0000015f   Thumb Code     0  libinit2.o(.ARM.Collect$$libinit$$00000015)
    __rt_lib_init_lc_numeric_2               0x0000015f   Thumb Code     0  libinit2.o(.ARM.Collect$$libinit$$00000016)
    __rt_lib_init_alloca_1                   0x00000169   Thumb Code     0  libinit2.o(.ARM.Collect$$libinit$$0000002E)
    __rt_lib_init_argv_1                     0x00000169   Thumb Code     0  libinit2.o(.ARM.Collect$$libinit$$0000002C)
    __rt_lib_init_atexit_1                   0x00000169   Thumb Code     0  libinit2.o(.ARM.Collect$$libinit$$0000001B)
    __rt_lib_init_clock_1                    0x00000169   Thumb Code     0  libinit2.o(.ARM.Collect$$libinit$$00000021)
    __rt_lib_init_cpp_1                      0x00000169   Thumb Code     0  libinit2.o(.ARM.Collect$$libinit$$00000032)
    __rt_lib_init_exceptions_1               0x00000169   Thumb Code     0  libinit2.o(.ARM.Collect$$libinit$$00000030)
    __rt_lib_init_fp_trap_1                  0x00000169   Thumb Code     0  libinit2.o(.ARM.Collect$$libinit$$0000001F)
    __rt_lib_init_getenv_1                   0x00000169   Thumb Code     0  libinit2.o(.ARM.Collect$$libinit$$00000023)
    __rt_lib_init_lc_numeric_1               0x00000169   Thumb Code     0  libinit2.o(.ARM.Collect$$libinit$$00000017)
    __rt_lib_init_lc_time_1                  0x00000169   Thumb Code     0  libinit2.o(.ARM.Collect$$libinit$$00000019)
    __rt_lib_init_return                     0x00000169   Thumb Code     0  libinit2.o(.ARM.Collect$$libinit$$00000033)
    __rt_lib_init_signal_1                   0x00000169   Thumb Code     0  libinit2.o(.ARM.Collect$$libinit$$0000001D)
    __rt_lib_init_stdio_1                    0x00000169   Thumb Code     0  libinit2.o(.ARM.Collect$$libinit$$00000025)
    __rt_lib_shutdown                        0x0000016b   Thumb Code     0  libshutdown.o(.ARM.Collect$$libshutdown$$00000000)
    __rt_lib_shutdown_cpp_1                  0x0000016d   Thumb Code     0  libshutdown2.o(.ARM.Collect$$libshutdown$$00000002)
    __rt_lib_shutdown_fp_trap_1              0x0000016d   Thumb Code     0  libshutdown2.o(.ARM.Collect$$libshutdown$$00000007)
    __rt_lib_shutdown_heap_1                 0x0000016d   Thumb Code     0  libshutdown2.o(.ARM.Collect$$libshutdown$$0000000F)
    __rt_lib_shutdown_return                 0x0000016d   Thumb Code     0  libshutdown2.o(.ARM.Collect$$libshutdown$$00000010)
    __rt_lib_shutdown_signal_1               0x0000016d   Thumb Code     0  libshutdown2.o(.ARM.Collect$$libshutdown$$0000000A)
    __rt_lib_shutdown_stdio_1                0x0000016d   Thumb Code     0  libshutdown2.o(.ARM.Collect$$libshutdown$$00000004)
    __rt_lib_shutdown_user_alloc_1           0x0000016d   Thumb Code     0  libshutdown2.o(.ARM.Collect$$libshutdown$$0000000C)
    __rt_entry                               0x0000016f   Thumb Code     0  __rtentry.o(.ARM.Collect$$rtentry$$00000000)
    __rt_entry_presh_1                       0x0000016f   Thumb Code     0  __rtentry2.o(.ARM.Collect$$rtentry$$00000002)
    __rt_entry_sh                            0x0000016f   Thumb Code     0  __rtentry4.o(.ARM.Collect$$rtentry$$00000004)
    __rt_entry_li                            0x00000175   Thumb Code     0  __rtentry2.o(.ARM.Collect$$rtentry$$0000000A)
    __rt_entry_postsh_1                      0x00000175   Thumb Code     0  __rtentry2.o(.ARM.Collect$$rtentry$$00000009)
    __rt_entry_main                          0x00000179   Thumb Code     0  __rtentry2.o(.ARM.Collect$$rtentry$$0000000D)
    __rt_entry_postli_1                      0x00000179   Thumb Code     0  __rtentry2.o(.ARM.Collect$$rtentry$$0000000C)
    __rt_exit                                0x00000181   Thumb Code     0  rtexit.o(.ARM.Collect$$rtexit$$00000000)
    __rt_exit_ls                             0x00000183   Thumb Code     0  rtexit2.o(.ARM.Collect$$rtexit$$00000003)
    __rt_exit_prels_1                        0x00000183   Thumb Code     0  rtexit2.o(.ARM.Collect$$rtexit$$00000002)
    __rt_exit_exit                           0x00000187   Thumb Code     0  rtexit2.o(.ARM.Collect$$rtexit$$00000004)
    __aeabi_memcpy4                          0x0000018d   Thumb Code    56  rt_memcpy.o(.emb_text)
    __aeabi_memcpy8                          0x0000018d   Thumb Code     0  rt_memcpy.o(.emb_text)
    Reset_Handler                            0x000001c5   Thumb Code     8  startup_arty_cm1.o(.text)
    _maybe_terminate_alloc                   0x000001c5   Thumb Code     0  maybetermalloc1.o(.emb_text)
    NMI_Handler                              0x000001cd   Thumb Code     2  startup_arty_cm1.o(.text)
    HardFault_Handler                        0x000001cf   Thumb Code     2  startup_arty_cm1.o(.text)
    SVC_Handler                              0x000001d1   Thumb Code     2  startup_arty_cm1.o(.text)
    PendSV_Handler                           0x000001d3   Thumb Code     2  startup_arty_cm1.o(.text)
    Unused_IRQ10                             0x000001d7   Thumb Code     0  startup_arty_cm1.o(.text)
    Unused_IRQ11                             0x000001d7   Thumb Code     0  startup_arty_cm1.o(.text)
    Unused_IRQ12                             0x000001d7   Thumb Code     0  startup_arty_cm1.o(.text)
    Unused_IRQ13                             0x000001d7   Thumb Code     0  startup_arty_cm1.o(.text)
    Unused_IRQ14                             0x000001d7   Thumb Code     0  startup_arty_cm1.o(.text)
    Unused_IRQ15                             0x000001d7   Thumb Code     0  startup_arty_cm1.o(.text)
    Unused_IRQ16                             0x000001d7   Thumb Code     0  startup_arty_cm1.o(.text)
    Unused_IRQ17                             0x000001d7   Thumb Code     0  startup_arty_cm1.o(.text)
    Unused_IRQ18                             0x000001d7   Thumb Code     0  startup_arty_cm1.o(.text)
    Unused_IRQ19                             0x000001d7   Thumb Code     0  startup_arty_cm1.o(.text)
    Unused_IRQ20                             0x000001d7   Thumb Code     0  startup_arty_cm1.o(.text)
    Unused_IRQ21                             0x000001d7   Thumb Code     0  startup_arty_cm1.o(.text)
    Unused_IRQ22                             0x000001d7   Thumb Code     0  startup_arty_cm1.o(.text)
    Unused_IRQ23                             0x000001d7   Thumb Code     0  startup_arty_cm1.o(.text)
    Unused_IRQ24                             0x000001d7   Thumb Code     0  startup_arty_cm1.o(.text)
    Unused_IRQ25                             0x000001d7   Thumb Code     0  startup_arty_cm1.o(.text)
    Unused_IRQ26                             0x000001d7   Thumb Code     0  startup_arty_cm1.o(.text)
    Unused_IRQ27                             0x000001d7   Thumb Code     0  startup_arty_cm1.o(.text)
    Unused_IRQ28                             0x000001d7   Thumb Code     0  startup_arty_cm1.o(.text)
    Unused_IRQ29                             0x000001d7   Thumb Code     0  startup_arty_cm1.o(.text)
    Unused_IRQ30                             0x000001d7   Thumb Code     0  startup_arty_cm1.o(.text)
    Unused_IRQ31                             0x000001d7   Thumb Code     0  startup_arty_cm1.o(.text)
    Unused_IRQ8                              0x000001d7   Thumb Code     0  startup_arty_cm1.o(.text)
    Unused_IRQ9                              0x000001d7   Thumb Code     0  startup_arty_cm1.o(.text)
    __user_initial_stackheap                 0x000001d9   Thumb Code    10  startup_arty_cm1.o(.text)
    SystemCoreClockUpdate                    0x000001fd   Thumb Code     8  system_arty_cm1.o(.text)
    SystemInit                               0x00000205   Thumb Code     8  system_arty_cm1.o(.text)
    outbyte                                  0x00000215   Thumb Code    12  outbyte.o(.text)
    print                                    0x00000225   Thumb Code    20  print.o(.text)
    Xil_Assert                               0x00000239   Thumb Code    20  xil_assert.o(.text)
    Xil_AssertSetCallback                    0x0000024d   Thumb Code     6  xil_assert.o(.text)
    XNullHandler                             0x00000253   Thumb Code     2  xil_assert.o(.text)
    main                                     0x00000259   Thumb Code   580  main.o(.text)
    DAPLinkFittedn                           0x0000049d   Thumb Code    14  main.o(.text)
    SysTick_Handler                          0x000004ab   Thumb Code     8  main.o(.text)
    InitialiseGPIO                           0x0000077d   Thumb Code   142  gpio.o(.text)
    EnableGPIOInterrupts                     0x0000080b   Thumb Code    36  gpio.o(.text)
    GPIO0_Handler                            0x0000082f   Thumb Code    38  gpio.o(.text)
    GPIO1_Handler                            0x00000855   Thumb Code   138  gpio.o(.text)
    SetDAPLinkQSPIMode                       0x000008df   Thumb Code    16  gpio.o(.text)
    IncLeds                                  0x000008ef   Thumb Code    26  gpio.o(.text)
    InitialiseSPI                            0x00000911   Thumb Code    50  spi.o(.text)
    DisableSPIInterrupts                     0x00000943   Thumb Code    10  spi.o(.text)
    InitQSPIBaseFlash                        0x0000094d   Thumb Code    72  spi.o(.text)
    WriteQSPIBaseFlash                       0x00000995   Thumb Code   110  spi.o(.text)
    ReadQSPIBaseFlash                        0x00000a03   Thumb Code   100  spi.o(.text)
    WriteSPIData                             0x00000a67   Thumb Code   124  spi.o(.text)
    QSPI0_Handler                            0x00000ae3   Thumb Code    10  spi.o(.text)
    DAP_QSPI0_Handler                        0x00000aed   Thumb Code    10  spi.o(.text)
    DAP_SPI0_Handler                         0x00000af7   Thumb Code    10  spi.o(.text)
    DAP_QSPI_XIP_Handler                     0x00000b01   Thumb Code    10  spi.o(.text)
    RecvHandler                              0x00000b45   Thumb Code     6  uart.o(.text)
    SendHandler                              0x00000b4b   Thumb Code     6  uart.o(.text)
    InitialiseUART                           0x00000b51   Thumb Code    56  uart.o(.text)
    CheckUARTRxBytes                         0x00000b89   Thumb Code    18  uart.o(.text)
    EnableUARTInterrupts                     0x00000b9b   Thumb Code    10  uart.o(.text)
    UART0_Handler                            0x00000ba5   Thumb Code    16  uart.o(.text)
    XGpio_CfgInitialize                      0x00000bc9   Thumb Code    46  xgpio.o(.text)
    XGpio_SetDataDirection                   0x00000bf7   Thumb Code    88  xgpio.o(.text)
    XGpio_GetDataDirection                   0x00000c4f   Thumb Code    94  xgpio.o(.text)
    XGpio_DiscreteRead                       0x00000cad   Thumb Code    92  xgpio.o(.text)
    XGpio_DiscreteWrite                      0x00000d09   Thumb Code    86  xgpio.o(.text)
    XGpio_InterruptGlobalEnable              0x00000d6d   Thumb Code    78  xgpio_intr.o(.text)
    XGpio_InterruptGlobalDisable             0x00000dbb   Thumb Code    74  xgpio_intr.o(.text)
    XGpio_InterruptEnable                    0x00000e05   Thumb Code    78  xgpio_intr.o(.text)
    XGpio_InterruptDisable                   0x00000e53   Thumb Code    78  xgpio_intr.o(.text)
    XGpio_InterruptClear                     0x00000ea1   Thumb Code    78  xgpio_intr.o(.text)
    XGpio_InterruptGetEnabled                0x00000eef   Thumb Code    86  xgpio_intr.o(.text)
    XGpio_InterruptGetStatus                 0x00000f45   Thumb Code    86  xgpio_intr.o(.text)
    XGpio_LookupConfig                       0x00000fa9   Thumb Code    32  xgpio_sinit.o(.text)
    XGpio_Initialize                         0x00000fc9   Thumb Code    58  xgpio_sinit.o(.text)
    XSpi_Abort                               0x00001011   Thumb Code    42  xspi.o(.text)
    XSpi_Reset                               0x0000103b   Thumb Code    72  xspi.o(.text)
    XSpi_CfgInitialize                       0x00001095   Thumb Code   218  xspi.o(.text)
    XSpi_Start                               0x0000116f   Thumb Code    98  xspi.o(.text)
    XSpi_Stop                                0x000011d1   Thumb Code    86  xspi.o(.text)
    XSpi_Transfer                            0x00001227   Thumb Code   558  xspi.o(.text)
    XSpi_SetSlaveSelect                      0x00001455   Thumb Code   106  xspi.o(.text)
    XSpi_GetSlaveSelect                      0x000014bf   Thumb Code    60  xspi.o(.text)
    XSpi_SetStatusHandler                    0x000014fb   Thumb Code    74  xspi.o(.text)
    XSpi_InterruptHandler                    0x00001545   Thumb Code   450  xspi.o(.text)
    XSpi_SetOptions                          0x0000171d   Thumb Code   118  xspi_options.o(.text)
    XSpi_GetOptions                          0x00001793   Thumb Code    86  xspi_options.o(.text)
    XSpi_LookupConfig                        0x000017fd   Thumb Code    36  xspi_sinit.o(.text)
    XSpi_Initialize                          0x00001821   Thumb Code    56  xspi_sinit.o(.text)
    XUartLite_CfgInitialize                  0x00001879   Thumb Code    62  xuartlite.o(.text)
    XUartLite_SendBuffer                     0x000018b7   Thumb Code    80  xuartlite.o(.text)
    XUartLite_Send                           0x00001907   Thumb Code   116  xuartlite.o(.text)
    XUartLite_ReceiveBuffer                  0x0000197b   Thumb Code   110  xuartlite.o(.text)
    XUartLite_Recv                           0x000019e9   Thumb Code   124  xuartlite.o(.text)
    XUartLite_ResetFifos                     0x00001a65   Thumb Code    70  xuartlite.o(.text)
    XUartLite_IsSending                      0x00001aab   Thumb Code    42  xuartlite.o(.text)
    XUartLite_SetRecvHandler                 0x00001ae5   Thumb Code    68  xuartlite_intr.o(.text)
    XUartLite_SetSendHandler                 0x00001b29   Thumb Code    68  xuartlite_intr.o(.text)
    XUartLite_InterruptHandler               0x00001bb9   Thumb Code    60  xuartlite_intr.o(.text)
    XUartLite_DisableInterrupt               0x00001bf5   Thumb Code    56  xuartlite_intr.o(.text)
    XUartLite_EnableInterrupt                0x00001c2d   Thumb Code    58  xuartlite_intr.o(.text)
    XUartLite_SendByte                       0x00001c75   Thumb Code    10  xuartlite_l.o(.text)
    XUartLite_RecvByte                       0x00001c7f   Thumb Code    12  xuartlite_l.o(.text)
    XUartLite_LookupConfig                   0x00001c8d   Thumb Code    32  xuartlite_sinit.o(.text)
    XUartLite_Initialize                     0x00001cad   Thumb Code    56  xuartlite_sinit.o(.text)
    XUartLite_GetStats                       0x00001cf1   Thumb Code    92  xuartlite_stats.o(.text)
    XUartLite_ClearStats                     0x00001d4d   Thumb Code    62  xuartlite_stats.o(.text)
    HYGRO_DelayMillis                        0x00001d99   Thumb Code    62  pmodhygro.o(.text)
    HYGRO_WriteIIC                           0x00001dd7   Thumb Code    82  pmodhygro.o(.text)
    HYGRO_IICInit                            0x00001e29   Thumb Code    44  pmodhygro.o(.text)
    HYGRO_TimerInit                          0x00001e55   Thumb Code    42  pmodhygro.o(.text)
    HYGRO_begin                              0x00001e7f   Thumb Code    74  pmodhygro.o(.text)
    HYGRO_ReadIIC                            0x00001ec9   Thumb Code    92  pmodhygro.o(.text)
    HYGRO_getTemperature                     0x00001f25   Thumb Code    96  pmodhygro.o(.text)
    HYGRO_getHumidity                        0x00001f85   Thumb Code    80  pmodhygro.o(.text)
    HYGRO_tempF2C                            0x00001fd5   Thumb Code    28  pmodhygro.o(.text)
    HYGRO_tempC2F                            0x00001ff1   Thumb Code    28  pmodhygro.o(.text)
    XIic_Reset                               0x0000202d   Thumb Code    58  xiic.o(.text)
    XIic_CfgInitialize                       0x0000208d   Thumb Code   100  xiic.o(.text)
    XIic_Start                               0x000020f1   Thumb Code   112  xiic.o(.text)
    XIic_Stop                                0x00002161   Thumb Code    74  xiic.o(.text)
    XIic_SetAddress                          0x000021ab   Thumb Code   106  xiic.o(.text)
    XIic_GetAddress                          0x00002215   Thumb Code    76  xiic.o(.text)
    XIic_SetGpOutput                         0x00002261   Thumb Code    54  xiic.o(.text)
    XIic_GetGpOutput                         0x00002297   Thumb Code    76  xiic.o(.text)
    XIic_IsSlave                             0x000022e3   Thumb Code    50  xiic.o(.text)
    XIic_SetRecvHandler                      0x00002315   Thumb Code    74  xiic.o(.text)
    XIic_SetSendHandler                      0x0000235f   Thumb Code    74  xiic.o(.text)
    XIic_SetStatusHandler                    0x000023a9   Thumb Code    74  xiic.o(.text)
    XIic_CheckIsBusBusy                      0x00002415   Thumb Code    18  xiic_l.o(.text)
    XIic_WaitBusFree                         0x00002427   Thumb Code    34  xiic_l.o(.text)
    XIic_Recv                                0x000024bd   Thumb Code   154  xiic_l.o(.text)
    XIic_Send                                0x000025cf   Thumb Code   156  xiic_l.o(.text)
    XIic_DynRecv                             0x000026a7   Thumb Code    96  xiic_l.o(.text)
    XIic_DynSend                             0x00002765   Thumb Code   108  xiic_l.o(.text)
    XIic_DynInit                             0x000027d1   Thumb Code    40  xiic_l.o(.text)
    XIic_GetStats                            0x000027fd   Thumb Code    80  xiic_stats.o(.text)
    XIic_ClearStats                          0x0000284d   Thumb Code    62  xiic_stats.o(.text)
    XTmrCtr_CfgInitialize                    0x000028c5   Thumb Code    86  xtmrctr.o(.text)
    XTmrCtr_InitHw                           0x0000291b   Thumb Code   124  xtmrctr.o(.text)
    XTmrCtr_Initialize                       0x00002997   Thumb Code    80  xtmrctr.o(.text)
    XTmrCtr_Start                            0x000029e7   Thumb Code   104  xtmrctr.o(.text)
    XTmrCtr_Stop                             0x00002a4f   Thumb Code    96  xtmrctr.o(.text)
    XTmrCtr_GetValue                         0x00002aaf   Thumb Code    86  xtmrctr.o(.text)
    XTmrCtr_SetResetValue                    0x00002b05   Thumb Code    80  xtmrctr.o(.text)
    XTmrCtr_GetCaptureValue                  0x00002b55   Thumb Code    86  xtmrctr.o(.text)
    XTmrCtr_Reset                            0x00002bab   Thumb Code    94  xtmrctr.o(.text)
    XTmrCtr_IsExpired                        0x00002c09   Thumb Code    90  xtmrctr.o(.text)
    XTmrCtr_PwmConfigure                     0x00002c63   Thumb Code   320  xtmrctr.o(.text)
    XTmrCtr_PwmEnable                        0x00002da3   Thumb Code   100  xtmrctr.o(.text)
    XTmrCtr_PwmDisable                       0x00002e07   Thumb Code   102  xtmrctr.o(.text)
    XTmrCtr_LookupConfig                     0x00002e89   Thumb Code     4  xtmrctr_sinit.o(.text)
    NAV_WriteSPI                             0x00002e8d   Thumb Code    38  pmodnav.o(.text)
    NAV_InitALT                              0x00002eb3   Thumb Code    72  pmodnav.o(.text)
    NAV_InitMAG                              0x00002efb   Thumb Code    84  pmodnav.o(.text)
    NAV_InitAG                               0x00002f4f   Thumb Code   188  pmodnav.o(.text)
    NAV_DevTerm                              0x0000300b   Thumb Code    32  pmodnav.o(.text)
    NAV_GetMAGRangeLSB                       0x0000302b   Thumb Code    30  pmodnav.o(.text)
    NAV_GetGRangeLSB                         0x00003049   Thumb Code    22  pmodnav.o(.text)
    NAV_GetXLRangeLSB                        0x0000305f   Thumb Code    30  pmodnav.o(.text)
    NAV_SPIInit                              0x0000307d   Thumb Code    72  pmodnav.o(.text)
    NAV_begin                                0x000030c5   Thumb Code    50  pmodnav.o(.text)
    NAV_end                                  0x000030f7   Thumb Code    20  pmodnav.o(.text)
    NAV_Init                                 0x0000310b   Thumb Code    32  pmodnav.o(.text)
    NAV_ReadRegister                         0x0000312b   Thumb Code   110  pmodnav.o(.text)
    NAV_ReadTempC                            0x00003199   Thumb Code    62  pmodnav.o(.text)
    NAV_ReadPressure                         0x000031d7   Thumb Code    34  pmodnav.o(.text)
    NAV_ReadPressurehPa                      0x000031f9   Thumb Code    32  pmodnav.o(.text)
    NAV_ConvertReadingToValueGauss           0x00003219   Thumb Code    18  pmodnav.o(.text)
    NAV_ReadMag                              0x0000322b   Thumb Code    88  pmodnav.o(.text)
    NAV_ReadMagGauss                         0x00003283   Thumb Code    64  pmodnav.o(.text)
    NAV_ConvertReadingToValueDPS             0x000032c3   Thumb Code    18  pmodnav.o(.text)
    NAV_ReadGyro                             0x000032d5   Thumb Code    60  pmodnav.o(.text)
    NAV_ReadGyroDps                          0x00003311   Thumb Code    66  pmodnav.o(.text)
    NAV_ConvertReadingToValueG               0x00003353   Thumb Code    18  pmodnav.o(.text)
    NAV_ReadAccel                            0x00003365   Thumb Code    58  pmodnav.o(.text)
    NAV_ReadAccelG                           0x0000339f   Thumb Code    74  pmodnav.o(.text)
    NAV_GetData                              0x000033e9   Thumb Code   112  pmodnav.o(.text)
    NAV_GetDeviceID                          0x00003459   Thumb Code    60  pmodnav.o(.text)
    NAV_ReadSPI                              0x00003495   Thumb Code    48  pmodnav.o(.text)
    NAV_WriteRegister                        0x000034c5   Thumb Code    88  pmodnav.o(.text)
    NAV_SetBitsInRegister                    0x0000351d   Thumb Code    60  pmodnav.o(.text)
    NAV_GetBitsInRegister                    0x00003559   Thumb Code    36  pmodnav.o(.text)
    NAV_SetRegisterBits                      0x0000357d   Thumb Code    64  pmodnav.o(.text)
    NAV_SetRangeXL                           0x000035bd   Thumb Code    34  pmodnav.o(.text)
    NAV_GetRangeXL                           0x000035df   Thumb Code    52  pmodnav.o(.text)
    NAV_DataAvailableXL                      0x00003613   Thumb Code    26  pmodnav.o(.text)
    NAV_ConfigIntXL                          0x0000362d   Thumb Code    58  pmodnav.o(.text)
    NAV_GetIntSrcXLG                         0x00003667   Thumb Code    42  pmodnav.o(.text)
    NAV_SetIntThresholdXL                    0x00003691   Thumb Code   120  pmodnav.o(.text)
    NAV_SetRangeG                            0x00003709   Thumb Code    34  pmodnav.o(.text)
    NAV_GetRangeG                            0x0000372b   Thumb Code    52  pmodnav.o(.text)
    NAV_DataAvailableG                       0x0000375f   Thumb Code    26  pmodnav.o(.text)
    NAV_ConfigIntG                           0x00003779   Thumb Code    32  pmodnav.o(.text)
    NAV_SetIntThresholdG                     0x00003799   Thumb Code   150  pmodnav.o(.text)
    NAV_ConfigInt                            0x0000382f   Thumb Code   104  pmodnav.o(.text)
    NAV_SetRangeMAG                          0x00003897   Thumb Code    34  pmodnav.o(.text)
    NAV_GetRangeMAG                          0x000038b9   Thumb Code    50  pmodnav.o(.text)
    NAV_DataAvailableMAG                     0x000038eb   Thumb Code    32  pmodnav.o(.text)
    NAV_ConfigIntMAG                         0x0000390b   Thumb Code    42  pmodnav.o(.text)
    NAV_SetIntThresholdM                     0x00003935   Thumb Code    46  pmodnav.o(.text)
    NAV_GetIntSrcMAG                         0x00003963   Thumb Code    20  pmodnav.o(.text)
    NAV_TempAvailableALT                     0x00003977   Thumb Code    26  pmodnav.o(.text)
    NAV_DataAvailableALT                     0x00003991   Thumb Code    26  pmodnav.o(.text)
    NAV_ConfigIntALT                         0x000039ab   Thumb Code   102  pmodnav.o(.text)
    NAV_SetIntThresholdALT                   0x00003a11   Thumb Code    46  pmodnav.o(.text)
    NAV_GetIntSrcALT                         0x00003a3f   Thumb Code    18  pmodnav.o(.text)
    NAV_SetODR                               0x00003a51   Thumb Code    86  pmodnav.o(.text)
    NAV_GetODRRaw                            0x00003aa7   Thumb Code    76  pmodnav.o(.text)
    NAV_GetODR                               0x00003af3   Thumb Code   250  pmodnav.o(.text)
    NAV_FIFOEnable                           0x00003bed   Thumb Code   126  pmodnav.o(.text)
    NAV_SetFIFO                              0x00003c6b   Thumb Code    84  pmodnav.o(.text)
    NAV_GetFIFOMode                          0x00003cbf   Thumb Code    38  pmodnav.o(.text)
    NAV_GetFIFOThs                           0x00003ce5   Thumb Code    38  pmodnav.o(.text)
    NAV_GetFIFOStatus                        0x00003d0b   Thumb Code    28  pmodnav.o(.text)
    malloc                                   0x00003d75   Thumb Code    98  h1_alloc.o(.text)
    free                                     0x00003dd7   Thumb Code    76  h1_free.o(.text)
    __2sprintf                               0x00003e25   Thumb Code    36  noretval__2sprintf.o(.text)
    __printf                                 0x00003e4d   Thumb Code   108  __printf.o(.text)
    _printf_str                              0x00003eb9   Thumb Code    82  _printf_str.o(.text)
    _printf_int_dec                          0x00003f0d   Thumb Code    90  _printf_dec.o(.text)
    _printf_int_hex                          0x00003f79   Thumb Code    84  _printf_hex_int.o(.text)
    _printf_longlong_hex                     0x00003f79   Thumb Code     0  _printf_hex_int.o(.text)
    strcpy                                   0x00003fd1   Thumb Code    70  strcpy.o(.text)
    __aeabi_uidiv                            0x0000401d   Thumb Code     0  aeabi_sdiv.o(.text)
    __aeabi_uidivmod                         0x0000401d   Thumb Code    20  aeabi_sdiv.o(.text)
    __aeabi_idiv                             0x00004031   Thumb Code     0  aeabi_sdiv.o(.text)
    __aeabi_idivmod                          0x00004031   Thumb Code   326  aeabi_sdiv.o(.text)
    __use_two_region_memory                  0x00004177   Thumb Code     2  heapauxi.o(.text)
    __rt_heap_escrow                         0x00004179   Thumb Code     2  heapauxi.o(.text)
    __rt_heap_expand                         0x0000417b   Thumb Code     2  heapauxi.o(.text)
    __aeabi_d2f                              0x0000417d   Thumb Code     0  d2f.o(.text)
    _d2f                                     0x0000417d   Thumb Code   120  d2f.o(.text)
    __aeabi_dadd                             0x000044f1   Thumb Code     0  daddsub.o(.text)
    _dadd                                    0x000044f1   Thumb Code    26  daddsub.o(.text)
    __aeabi_dsub                             0x0000450b   Thumb Code     0  daddsub.o(.text)
    _dsub                                    0x0000450b   Thumb Code    22  daddsub.o(.text)
    __aeabi_drsub                            0x00004521   Thumb Code     0  daddsub.o(.text)
    _drsb                                    0x00004521   Thumb Code    28  daddsub.o(.text)
    __aeabi_ddiv                             0x00004551   Thumb Code     0  ddiv.o(.text)
    _ddiv                                    0x00004551   Thumb Code  1072  ddiv.o(.text)
    _drdiv                                   0x00004981   Thumb Code    20  ddiv.o(.text)
    __aeabi_i2d_normalise                    0x00004999   Thumb Code    66  dflti.o(.text)
    __aeabi_i2d                              0x000049db   Thumb Code    16  dflti.o(.text)
    _dflt                                    0x000049db   Thumb Code     0  dflti.o(.text)
    __aeabi_ui2d                             0x000049eb   Thumb Code     6  dflti.o(.text)
    _dfltu                                   0x000049eb   Thumb Code     0  dflti.o(.text)
    __aeabi_dmul                             0x000049f1   Thumb Code     0  dmul.o(.text)
    _dmul                                    0x000049f1   Thumb Code   558  dmul.o(.text)
    __ARM_scalbn                             0x00004c39   Thumb Code    84  dscalbn.o(.text)
    __aeabi_f2d                              0x00004c99   Thumb Code     0  f2d.o(.text)
    _f2d                                     0x00004c99   Thumb Code    80  f2d.o(.text)
    __aeabi_fdiv                             0x00004ced   Thumb Code     0  fdiv.o(.text)
    _fdiv                                    0x00004ced   Thumb Code   334  fdiv.o(.text)
    _frdiv                                   0x00004e3b   Thumb Code     8  fdiv.o(.text)
    __aeabi_f2uiz                            0x00004e4d   Thumb Code     0  ffixui.o(.text)
    _ffixu                                   0x00004e4d   Thumb Code    48  ffixui.o(.text)
    __aeabi_i2f_normalise                    0x00004e7d   Thumb Code    72  fflti.o(.text)
    __aeabi_i2f                              0x00004ec5   Thumb Code    16  fflti.o(.text)
    _fflt                                    0x00004ec5   Thumb Code     0  fflti.o(.text)
    __aeabi_ui2f                             0x00004ed5   Thumb Code     6  fflti.o(.text)
    _ffltu                                   0x00004ed5   Thumb Code     0  fflti.o(.text)
    __aeabi_l2f_normalise                    0x00004edb   Thumb Code   102  ffltl.o(.text)
    __aeabi_l2f                              0x00004f41   Thumb Code    22  ffltl.o(.text)
    _ll_sto_f                                0x00004f41   Thumb Code     0  ffltl.o(.text)
    __aeabi_ul2f                             0x00004f57   Thumb Code     6  ffltl.o(.text)
    _ll_uto_f                                0x00004f57   Thumb Code     0  ffltl.o(.text)
    __ARM_scalbnf                            0x00004f5d   Thumb Code    64  fscalbn.o(.text)
    __rt_heap_descriptor                     0x00004fa1   Thumb Code     8  rt_heap_descriptor_intlibspace.o(.text)
    __rt_locale                              0x00004fa9   Thumb Code     8  rt_locale_intlibspace.o(.text)
    __use_no_heap                            0x00004fb1   Thumb Code     2  hguard.o(.text)
    __heap$guard                             0x00004fb3   Thumb Code     2  hguard.o(.text)
    _terminate_user_alloc                    0x00004fb5   Thumb Code     2  init_alloc.o(.text)
    _init_user_alloc                         0x00004fb7   Thumb Code     2  init_alloc.o(.text)
    __Heap_Full                              0x00004fb9   Thumb Code    32  init_alloc.o(.text)
    __Heap_Broken                            0x00004fd9   Thumb Code    10  init_alloc.o(.text)
    _init_alloc                              0x00004fe3   Thumb Code    90  init_alloc.o(.text)
    __Heap_Initialize                        0x0000503d   Thumb Code    10  h1_init.o(.text)
    __Heap_DescSize                          0x00005047   Thumb Code     4  h1_init.o(.text)
    _printf_int_common                       0x0000504b   Thumb Code   176  _printf_intcommon.o(.text)
    __lib_sel_fp_printf                      0x000050fd   Thumb Code     2  _printf_fp_dec.o(.text)
    _printf_fp_dec_real                      0x0000529b   Thumb Code   620  _printf_fp_dec.o(.text)
    _printf_char_common                      0x0000551f   Thumb Code    32  _printf_char_common.o(.text)
    _sputc                                   0x00005545   Thumb Code    10  _sputc.o(.text)
    _printf_cs_common                        0x0000554f   Thumb Code    22  _printf_char.o(.text)
    _printf_char                             0x00005565   Thumb Code    16  _printf_char.o(.text)
    _printf_string                           0x00005575   Thumb Code     8  _printf_char.o(.text)
    __rt_udiv10                              0x0000557d   Thumb Code    40  rtudiv10.o(.text)
    __user_libspace                          0x000055a5   Thumb Code     8  libspace.o(.text)
    __user_perproc_libspace                  0x000055a5   Thumb Code     0  libspace.o(.text)
    __user_perthread_libspace                0x000055a5   Thumb Code     0  libspace.o(.text)
    __Heap_ProvideMemory                     0x000055ad   Thumb Code    52  h1_extend.o(.text)
    _ll_udiv10                               0x000055e1   Thumb Code   122  lludiv10.o(.text)
    _printf_fp_infnan                        0x0000565d   Thumb Code   120  _printf_fp_infnan.o(.text)
    _btod_etento                             0x000056e5   Thumb Code   210  bigflt0.o(.text)
    _btod_d2e                                0x000057bd   Thumb Code    64  btod.o(.text)
    _btod_emul                               0x00005bf1   Thumb Code    28  btod.o(.text)
    _btod_emuld                              0x00005c0d   Thumb Code   144  btod.o(.text)
    _btod_ediv                               0x00005c9d   Thumb Code    26  btod.o(.text)
    _btod_edivd                              0x00005cb7   Thumb Code   124  btod.o(.text)
    __rt_SIGRTMEM                            0x00005d3d   Thumb Code    12  defsig_rtmem_outer.o(.text)
    strcmp                                   0x00005d49   Thumb Code   132  strcmp.o(.text)
    __I$use$semihosting                      0x00005dd1   Thumb Code     0  use_no_semi.o(.text)
    __use_no_semihosting_swi                 0x00005dd1   Thumb Code     2  use_no_semi.o(.text)
    __semihosting_library_function           0x00005dd3   Thumb Code     0  indicate_semi.o(.text)
    __user_setup_stackheap                   0x00005dd3   Thumb Code    62  sys_stackheap_outer.o(.text)
    exit                                     0x00005e11   Thumb Code    16  exit.o(.text)
    __sig_exit                               0x00005e21   Thumb Code    12  defsig_exit.o(.text)
    __rt_SIGRTMEM_inner                      0x00005e2d   Thumb Code    22  defsig_rtmem_inner.o(.text)
    _sys_exit                                0x00005e7d   Thumb Code     8  sys_exit.o(.text)
    __default_signal_display                 0x00005e89   Thumb Code    52  defsig_general.o(.text)
    _ttywrch                                 0x00005ebd   Thumb Code    12  sys_wrch.o(.text)
    __decompress                             0x00005ec9   Thumb Code     0  __dczerorl2.o(.text)
    __decompress1                            0x00005ec9   Thumb Code    86  __dczerorl2.o(.text)
    __ARM_common_ll_muluu                    0x00005f1f   Thumb Code    48  btod.o(i.__ARM_common_ll_muluu)
    __ARM_common_switch8                     0x00005f4f   Thumb Code    26  pmodnav.o(i.__ARM_common_switch8)
    __ARM_fpclassify                         0x00005f69   Thumb Code    40  fpclassify.o(i.__ARM_fpclassify)
    _get_lc_numeric                          0x00005f95   Thumb Code    44  lc_numeric_c.o(locale$$code)
    __aeabi_fadd                             0x00005fc1   Thumb Code     0  faddsub.o(x$fpl$fadd)
    _fadd                                    0x00005fc1   Thumb Code   134  faddsub.o(x$fpl$fadd)
    __aeabi_fmul                             0x0000604d   Thumb Code     0  fmul.o(x$fpl$fmul)
    _fmul                                    0x0000604d   Thumb Code   172  fmul.o(x$fpl$fmul)
    __aeabi_fsub                             0x000060fd   Thumb Code     0  faddsub.o(x$fpl$fsub)
    _fsub                                    0x000060fd   Thumb Code   204  faddsub.o(x$fpl$fsub)
    _printf_fp_dec                           0x000061cd   Thumb Code    16  printf1.o(x$fpl$printf1)
    __I$use$fp                               0x000061dc   Number         0  usenofp.o(x$fpl$usenofp)
    Region$$Table$$Base                      0x000067b8   Number         0  anon$$obj.o(Region$$Table)
    Region$$Table$$Limit                     0x000067d8   Number         0  anon$$obj.o(Region$$Table)
    SystemCoreClock                          0x20000000   Data           4  system_arty_cm1.o(.data)
    Xil_AssertWait                           0x20000004   Data           4  xil_assert.o(.data)
    Xil_AssertStatus                         0x2000000c   Data           4  xil_assert.o(.data)
    sample                                   0x20000010   Data           1  main.o(.data)
    temp_degc                                0x20000014   Data           4  main.o(.data)
    hum_perrh                                0x20000018   Data           4  main.o(.data)
    XGpio_ConfigTable                        0x20000028   Data          48  xgpio_g.o(.data)
    XSpi_ConfigTable                         0x20000058   Data         112  xspi_g.o(.data)
    XUartLite_ConfigTable                    0x200000f0   Data          16  xuartlite_g.o(.data)
    HYGRO_Config                             0x20000100   Data          16  pmodhygro.o(.data)
    XTmrCtr_Offsets                          0x20000110   Data           2  xtmrctr_l.o(.data)
    NAVConfig                                0x20000114   Data          28  pmodnav.o(.data)
    myDevice                                 0x20000130   Data         152  main.o(.bss)
    nav                                      0x200001c8   Data         160  main.o(.bss)
    UARTReceiveBuffer                        0x20000540   Data         256  uart.o(.bss)
    HYGRO_TimerConfig                        0x20000640   Data          12  pmodhygro.o(.bss)
    __libspace_start                         0x2000064c   Data          96  libspace.o(.bss)
    __temporary_stack_top$libspace           0x200006ac   Data           0  libspace.o(.bss)



==============================================================================

Memory Map of the image

  Image Entry point : 0x000001c5

  Load Region LR_IROM1 (Base: 0x00000000, Size: 0x00006924, Max: 0x00008000, ABSOLUTE, COMPRESSED[0x00006848])

    Execution Region ER_IROM1 (Exec base: 0x00000000, Load base: 0x00000000, Size: 0x000067f4, Max: 0x00008000, ABSOLUTE)

    Exec Addr    Load Addr    Size         Type   Attr      Idx    E Section Name        Object

    0x00000000   0x00000000   0x000000c0   Data   RO            3    RESET               startup_arty_cm1.o
    0x000000c0   0x000000c0   0x00000008   Code   RO         1093  * !!!main             c_p.l(__main.o)
    0x000000c8   0x000000c8   0x0000003c   Code   RO         1388    !!!scatter          c_p.l(__scatter.o)
    0x00000104   0x00000104   0x0000001c   Code   RO         1390    !!handler_zi        c_p.l(__scatter_zi.o)
    0x00000120   0x00000120   0x00000002   Code   RO         1078    .ARM.Collect$$_printf_percent$$00000000  c_p.l(_printf_percent.o)
    0x00000122   0x00000122   0x0000000a   Code   RO         1077    .ARM.Collect$$_printf_percent$$00000003  c_p.l(_printf_f.o)
    0x0000012c   0x0000012c   0x0000000a   Code   RO         1076    .ARM.Collect$$_printf_percent$$00000008  c_p.l(_printf_i.o)
    0x00000136   0x00000136   0x0000000a   Code   RO         1075    .ARM.Collect$$_printf_percent$$0000000C  c_p.l(_printf_x.o)
    0x00000140   0x00000140   0x0000000a   Code   RO         1074    .ARM.Collect$$_printf_percent$$00000014  c_p.l(_printf_s.o)
    0x0000014a   0x0000014a   0x00000004   Code   RO         1178    .ARM.Collect$$_printf_percent$$00000017  c_p.l(_printf_percent_end.o)
    0x0000014e   0x0000014e   0x00000002   Code   RO         1324    .ARM.Collect$$libinit$$00000000  c_p.l(libinit.o)
    0x00000150   0x00000150   0x00000000   Code   RO         1187    .ARM.Collect$$libinit$$00000002  c_p.l(libinit2.o)
    0x00000150   0x00000150   0x00000000   Code   RO         1189    .ARM.Collect$$libinit$$00000004  c_p.l(libinit2.o)
    0x00000150   0x00000150   0x00000008   Code   RO         1190    .ARM.Collect$$libinit$$00000005  c_p.l(libinit2.o)
    0x00000158   0x00000158   0x00000000   Code   RO         1192    .ARM.Collect$$libinit$$0000000A  c_p.l(libinit2.o)
    0x00000158   0x00000158   0x00000000   Code   RO         1194    .ARM.Collect$$libinit$$0000000C  c_p.l(libinit2.o)
    0x00000158   0x00000158   0x00000000   Code   RO         1196    .ARM.Collect$$libinit$$0000000E  c_p.l(libinit2.o)
    0x00000158   0x00000158   0x00000006   Code   RO         1197    .ARM.Collect$$libinit$$0000000F  c_p.l(libinit2.o)
    0x0000015e   0x0000015e   0x00000000   Code   RO         1199    .ARM.Collect$$libinit$$00000011  c_p.l(libinit2.o)
    0x0000015e   0x0000015e   0x00000000   Code   RO         1201    .ARM.Collect$$libinit$$00000013  c_p.l(libinit2.o)
    0x0000015e   0x0000015e   0x00000000   Code   RO         1203    .ARM.Collect$$libinit$$00000015  c_p.l(libinit2.o)
    0x0000015e   0x0000015e   0x0000000a   Code   RO         1204    .ARM.Collect$$libinit$$00000016  c_p.l(libinit2.o)
    0x00000168   0x00000168   0x00000000   Code   RO         1205    .ARM.Collect$$libinit$$00000017  c_p.l(libinit2.o)
    0x00000168   0x00000168   0x00000000   Code   RO         1207    .ARM.Collect$$libinit$$00000019  c_p.l(libinit2.o)
    0x00000168   0x00000168   0x00000000   Code   RO         1209    .ARM.Collect$$libinit$$0000001B  c_p.l(libinit2.o)
    0x00000168   0x00000168   0x00000000   Code   RO         1211    .ARM.Collect$$libinit$$0000001D  c_p.l(libinit2.o)
    0x00000168   0x00000168   0x00000000   Code   RO         1213    .ARM.Collect$$libinit$$0000001F  c_p.l(libinit2.o)
    0x00000168   0x00000168   0x00000000   Code   RO         1215    .ARM.Collect$$libinit$$00000021  c_p.l(libinit2.o)
    0x00000168   0x00000168   0x00000000   Code   RO         1217    .ARM.Collect$$libinit$$00000023  c_p.l(libinit2.o)
    0x00000168   0x00000168   0x00000000   Code   RO         1219    .ARM.Collect$$libinit$$00000025  c_p.l(libinit2.o)
    0x00000168   0x00000168   0x00000000   Code   RO         1223    .ARM.Collect$$libinit$$0000002C  c_p.l(libinit2.o)
    0x00000168   0x00000168   0x00000000   Code   RO         1225    .ARM.Collect$$libinit$$0000002E  c_p.l(libinit2.o)
    0x00000168   0x00000168   0x00000000   Code   RO         1227    .ARM.Collect$$libinit$$00000030  c_p.l(libinit2.o)
    0x00000168   0x00000168   0x00000000   Code   RO         1229    .ARM.Collect$$libinit$$00000032  c_p.l(libinit2.o)
    0x00000168   0x00000168   0x00000002   Code   RO         1230    .ARM.Collect$$libinit$$00000033  c_p.l(libinit2.o)
    0x0000016a   0x0000016a   0x00000002   Code   RO         1383    .ARM.Collect$$libshutdown$$00000000  c_p.l(libshutdown.o)
    0x0000016c   0x0000016c   0x00000000   Code   RO         1341    .ARM.Collect$$libshutdown$$00000002  c_p.l(libshutdown2.o)
    0x0000016c   0x0000016c   0x00000000   Code   RO         1343    .ARM.Collect$$libshutdown$$00000004  c_p.l(libshutdown2.o)
    0x0000016c   0x0000016c   0x00000000   Code   RO         1346    .ARM.Collect$$libshutdown$$00000007  c_p.l(libshutdown2.o)
    0x0000016c   0x0000016c   0x00000000   Code   RO         1349    .ARM.Collect$$libshutdown$$0000000A  c_p.l(libshutdown2.o)
    0x0000016c   0x0000016c   0x00000000   Code   RO         1351    .ARM.Collect$$libshutdown$$0000000C  c_p.l(libshutdown2.o)
    0x0000016c   0x0000016c   0x00000000   Code   RO         1354    .ARM.Collect$$libshutdown$$0000000F  c_p.l(libshutdown2.o)
    0x0000016c   0x0000016c   0x00000002   Code   RO         1355    .ARM.Collect$$libshutdown$$00000010  c_p.l(libshutdown2.o)
    0x0000016e   0x0000016e   0x00000000   Code   RO         1133    .ARM.Collect$$rtentry$$00000000  c_p.l(__rtentry.o)
    0x0000016e   0x0000016e   0x00000000   Code   RO         1238    .ARM.Collect$$rtentry$$00000002  c_p.l(__rtentry2.o)
    0x0000016e   0x0000016e   0x00000006   Code   RO         1250    .ARM.Collect$$rtentry$$00000004  c_p.l(__rtentry4.o)
    0x00000174   0x00000174   0x00000000   Code   RO         1240    .ARM.Collect$$rtentry$$00000009  c_p.l(__rtentry2.o)
    0x00000174   0x00000174   0x00000004   Code   RO         1241    .ARM.Collect$$rtentry$$0000000A  c_p.l(__rtentry2.o)
    0x00000178   0x00000178   0x00000000   Code   RO         1243    .ARM.Collect$$rtentry$$0000000C  c_p.l(__rtentry2.o)
    0x00000178   0x00000178   0x00000008   Code   RO         1244    .ARM.Collect$$rtentry$$0000000D  c_p.l(__rtentry2.o)
    0x00000180   0x00000180   0x00000002   Code   RO         1328    .ARM.Collect$$rtexit$$00000000  c_p.l(rtexit.o)
    0x00000182   0x00000182   0x00000000   Code   RO         1359    .ARM.Collect$$rtexit$$00000002  c_p.l(rtexit2.o)
    0x00000182   0x00000182   0x00000004   Code   RO         1360    .ARM.Collect$$rtexit$$00000003  c_p.l(rtexit2.o)
    0x00000186   0x00000186   0x00000006   Code   RO         1361    .ARM.Collect$$rtexit$$00000004  c_p.l(rtexit2.o)
    0x0000018c   0x0000018c   0x00000038   Code   RO         1083    .emb_text           c_p.l(rt_memcpy.o)
    0x000001c4   0x000001c4   0x00000000   Code   RO         1256    .emb_text           c_p.l(maybetermalloc1.o)
    0x000001c4   0x000001c4   0x00000038   Code   RO            4  * .text               startup_arty_cm1.o
    0x000001fc   0x000001fc   0x00000018   Code   RO           12    .text               system_arty_cm1.o
    0x00000214   0x00000214   0x00000010   Code   RO           52    .text               outbyte.o
    0x00000224   0x00000224   0x00000014   Code   RO          107    .text               print.o
    0x00000238   0x00000238   0x00000020   Code   RO          134    .text               xil_assert.o
    0x00000258   0x00000258   0x00000524   Code   RO          177    .text               main.o
    0x0000077c   0x0000077c   0x00000194   Code   RO          285    .text               gpio.o
    0x00000910   0x00000910   0x00000234   Code   RO          316    .text               spi.o
    0x00000b44   0x00000b44   0x00000084   Code   RO          360    .text               uart.o
    0x00000bc8   0x00000bc8   0x000001a4   Code   RO          386    .text               xgpio.o
    0x00000d6c   0x00000d6c   0x0000023c   Code   RO          434    .text               xgpio_intr.o
    0x00000fa8   0x00000fa8   0x00000068   Code   RO          460    .text               xgpio_sinit.o
    0x00001010   0x00001010   0x0000070c   Code   RO          473    .text               xspi.o
    0x0000171c   0x0000171c   0x000000e0   Code   RO          505    .text               xspi_options.o
    0x000017fc   0x000017fc   0x00000068   Code   RO          533    .text               xspi_sinit.o
    0x00001864   0x00001864   0x00000280   Code   RO          560    .text               xuartlite.o
    0x00001ae4   0x00001ae4   0x00000190   Code   RO          592    .text               xuartlite_intr.o
    0x00001c74   0x00001c74   0x00000016   Code   RO          605    .text               xuartlite_l.o
    0x00001c8a   0x00001c8a   0x00000002   PAD
    0x00001c8c   0x00001c8c   0x00000064   Code   RO          633    .text               xuartlite_sinit.o
    0x00001cf0   0x00001cf0   0x000000a8   Code   RO          646    .text               xuartlite_stats.o
    0x00001d98   0x00001d98   0x00000294   Code   RO          659    .text               pmodhygro.o
    0x0000202c   0x0000202c   0x000003e8   Code   RO          694    .text               xiic.o
    0x00002414   0x00002414   0x000003e8   Code   RO          744    .text               xiic_l.o
    0x000027fc   0x000027fc   0x0000009c   Code   RO          821    .text               xiic_stats.o
    0x00002898   0x00002898   0x000005f0   Code   RO          834    .text               xtmrctr.o
    0x00002e88   0x00002e88   0x00000004   Code   RO          903    .text               xtmrctr_sinit.o
    0x00002e8c   0x00002e8c   0x00000ee8   Code   RO          929    .text               pmodnav.o
    0x00003d74   0x00003d74   0x00000062   Code   RO          963    .text               c_p.l(h1_alloc.o)
    0x00003dd6   0x00003dd6   0x0000004c   Code   RO          965    .text               c_p.l(h1_free.o)
    0x00003e22   0x00003e22   0x00000002   PAD
    0x00003e24   0x00003e24   0x00000028   Code   RO         1025    .text               c_p.l(noretval__2sprintf.o)
    0x00003e4c   0x00003e4c   0x0000006c   Code   RO         1027    .text               c_p.l(__printf.o)
    0x00003eb8   0x00003eb8   0x00000052   Code   RO         1029    .text               c_p.l(_printf_str.o)
    0x00003f0a   0x00003f0a   0x00000002   PAD
    0x00003f0c   0x00003f0c   0x0000006c   Code   RO         1031    .text               c_p.l(_printf_dec.o)
    0x00003f78   0x00003f78   0x00000058   Code   RO         1036    .text               c_p.l(_printf_hex_int.o)
    0x00003fd0   0x00003fd0   0x0000004c   Code   RO         1079    .text               c_p.l(strcpy.o)
    0x0000401c   0x0000401c   0x0000015a   Code   RO         1087    .text               c_p.l(aeabi_sdiv.o)
    0x00004176   0x00004176   0x00000006   Code   RO         1091    .text               c_p.l(heapauxi.o)
    0x0000417c   0x0000417c   0x0000007c   Code   RO         1095    .text               fz_ps.l(d2f.o)
    0x000041f8   0x000041f8   0x00000358   Code   RO         1097    .text               fz_ps.l(daddsub.o)
    0x00004550   0x00004550   0x00000448   Code   RO         1099    .text               fz_ps.l(ddiv.o)
    0x00004998   0x00004998   0x00000058   Code   RO         1102    .text               fz_ps.l(dflti.o)
    0x000049f0   0x000049f0   0x00000248   Code   RO         1104    .text               fz_ps.l(dmul.o)
    0x00004c38   0x00004c38   0x00000060   Code   RO         1106    .text               fz_ps.l(dscalbn.o)
    0x00004c98   0x00004c98   0x00000054   Code   RO         1108    .text               fz_ps.l(f2d.o)
    0x00004cec   0x00004cec   0x00000160   Code   RO         1116    .text               fz_ps.l(fdiv.o)
    0x00004e4c   0x00004e4c   0x00000030   Code   RO         1119    .text               fz_ps.l(ffixui.o)
    0x00004e7c   0x00004e7c   0x0000005e   Code   RO         1121    .text               fz_ps.l(fflti.o)
    0x00004eda   0x00004eda   0x00000082   Code   RO         1123    .text               fz_ps.l(ffltl.o)
    0x00004f5c   0x00004f5c   0x00000044   Code   RO         1127    .text               fz_ps.l(fscalbn.o)
    0x00004fa0   0x00004fa0   0x00000008   Code   RO         1141    .text               c_p.l(rt_heap_descriptor_intlibspace.o)
    0x00004fa8   0x00004fa8   0x00000008   Code   RO         1146    .text               c_p.l(rt_locale_intlibspace.o)
    0x00004fb0   0x00004fb0   0x00000004   Code   RO         1148    .text               c_p.l(hguard.o)
    0x00004fb4   0x00004fb4   0x00000088   Code   RO         1150    .text               c_p.l(init_alloc.o)
    0x0000503c   0x0000503c   0x0000000e   Code   RO         1154    .text               c_p.l(h1_init.o)
    0x0000504a   0x0000504a   0x000000b0   Code   RO         1168    .text               c_p.l(_printf_intcommon.o)
    0x000050fa   0x000050fa   0x00000002   PAD
    0x000050fc   0x000050fc   0x00000418   Code   RO         1170    .text               c_p.l(_printf_fp_dec.o)
    0x00005514   0x00005514   0x00000030   Code   RO         1172    .text               c_p.l(_printf_char_common.o)
    0x00005544   0x00005544   0x0000000a   Code   RO         1174    .text               c_p.l(_sputc.o)
    0x0000554e   0x0000554e   0x0000002e   Code   RO         1176    .text               c_p.l(_printf_char.o)
    0x0000557c   0x0000557c   0x00000028   Code   RO         1182    .text               c_p.l(rtudiv10.o)
    0x000055a4   0x000055a4   0x00000008   Code   RO         1234    .text               c_p.l(libspace.o)
    0x000055ac   0x000055ac   0x00000034   Code   RO         1258    .text               c_p.l(h1_extend.o)
    0x000055e0   0x000055e0   0x0000007a   Code   RO         1262    .text               c_p.l(lludiv10.o)
    0x0000565a   0x0000565a   0x00000002   PAD
    0x0000565c   0x0000565c   0x00000088   Code   RO         1264    .text               c_p.l(_printf_fp_infnan.o)
    0x000056e4   0x000056e4   0x000000d8   Code   RO         1268    .text               c_p.l(bigflt0.o)
    0x000057bc   0x000057bc   0x00000580   Code   RO         1271    .text               c_p.l(btod.o)
    0x00005d3c   0x00005d3c   0x0000000c   Code   RO         1278    .text               c_p.l(defsig_rtmem_outer.o)
    0x00005d48   0x00005d48   0x00000088   Code   RO         1282    .text               c_p.l(strcmp.o)
    0x00005dd0   0x00005dd0   0x00000002   Code   RO         1295    .text               c_p.l(use_no_semi.o)
    0x00005dd2   0x00005dd2   0x00000000   Code   RO         1297    .text               c_p.l(indicate_semi.o)
    0x00005dd2   0x00005dd2   0x0000003e   Code   RO         1298    .text               c_p.l(sys_stackheap_outer.o)
    0x00005e10   0x00005e10   0x00000010   Code   RO         1305    .text               c_p.l(exit.o)
    0x00005e20   0x00005e20   0x0000000c   Code   RO         1307    .text               c_p.l(defsig_exit.o)
    0x00005e2c   0x00005e2c   0x00000050   Code   RO         1313    .text               c_p.l(defsig_rtmem_inner.o)
    0x00005e7c   0x00005e7c   0x0000000c   Code   RO         1325    .text               c_p.l(sys_exit.o)
    0x00005e88   0x00005e88   0x00000034   Code   RO         1336    .text               c_p.l(defsig_general.o)
    0x00005ebc   0x00005ebc   0x0000000c   Code   RO         1356    .text               c_p.l(sys_wrch.o)
    0x00005ec8   0x00005ec8   0x00000056   Code   RO         1386    .text               c_p.l(__dczerorl2.o)
    0x00005f1e   0x00005f1e   0x00000030   Code   RO         1273    i.__ARM_common_ll_muluu  c_p.l(btod.o)
    0x00005f4e   0x00005f4e   0x0000001a   Code   RO          941    i.__ARM_common_switch8  pmodnav.o
    0x00005f68   0x00005f68   0x0000002c   Code   RO         1293    i.__ARM_fpclassify  m_ps.l(fpclassify.o)
    0x00005f94   0x00005f94   0x0000002c   Code   RO         1276    locale$$code        c_p.l(lc_numeric_c.o)
    0x00005fc0   0x00005fc0   0x0000008c   Code   RO         1110    x$fpl$fadd          fz_ps.l(faddsub.o)
    0x0000604c   0x0000604c   0x000000b0   Code   RO         1125    x$fpl$fmul          fz_ps.l(fmul.o)
    0x000060fc   0x000060fc   0x000000d0   Code   RO         1112    x$fpl$fsub          fz_ps.l(faddsub.o)
    0x000061cc   0x000061cc   0x00000010   Code   RO         1129    x$fpl$printf1       fz_ps.l(printf1.o)
    0x000061dc   0x000061dc   0x00000000   Code   RO         1231    x$fpl$usenofp       fz_ps.l(usenofp.o)
    0x000061dc   0x000061dc   0x00000020   Data   RO          179    .constdata          main.o
    0x000061fc   0x000061fc   0x00000028   Data   RO         1037    .constdata          c_p.l(_printf_hex_int.o)
    0x00006224   0x00006224   0x00000080   Data   RO         1100    .constdata          fz_ps.l(ddiv.o)
    0x000062a4   0x000062a4   0x00000040   Data   RO         1117    .constdata          fz_ps.l(fdiv.o)
    0x000062e4   0x000062e4   0x00000094   Data   RO         1269    .constdata          c_p.l(bigflt0.o)
    0x00006378   0x00006378   0x0000004b   Data   RO          387    .conststring        xgpio.o
    0x000063c3   0x000063c3   0x00000001   PAD
    0x000063c4   0x000063c4   0x00000050   Data   RO          435    .conststring        xgpio_intr.o
    0x00006414   0x00006414   0x00000051   Data   RO          461    .conststring        xgpio_sinit.o
    0x00006465   0x00006465   0x00000003   PAD
    0x00006468   0x00006468   0x00000049   Data   RO          474    .conststring        xspi.o
    0x000064b1   0x000064b1   0x00000003   PAD
    0x000064b4   0x000064b4   0x00000051   Data   RO          506    .conststring        xspi_options.o
    0x00006505   0x00006505   0x00000003   PAD
    0x00006508   0x00006508   0x0000004f   Data   RO          534    .conststring        xspi_sinit.o
    0x00006557   0x00006557   0x00000001   PAD
    0x00006558   0x00006558   0x00000053   Data   RO          561    .conststring        xuartlite.o
    0x000065ab   0x000065ab   0x00000001   PAD
    0x000065ac   0x000065ac   0x00000058   Data   RO          593    .conststring        xuartlite_intr.o
    0x00006604   0x00006604   0x00000059   Data   RO          634    .conststring        xuartlite_sinit.o
    0x0000665d   0x0000665d   0x00000003   PAD
    0x00006660   0x00006660   0x00000059   Data   RO          647    .conststring        xuartlite_stats.o
    0x000066b9   0x000066b9   0x00000003   PAD
    0x000066bc   0x000066bc   0x0000004f   Data   RO          695    .conststring        xiic.o
    0x0000670b   0x0000670b   0x00000001   PAD
    0x0000670c   0x0000670c   0x00000055   Data   RO          822    .conststring        xiic_stats.o
    0x00006761   0x00006761   0x00000003   PAD
    0x00006764   0x00006764   0x00000052   Data   RO          835    .conststring        xtmrctr.o
    0x000067b6   0x000067b6   0x00000002   PAD
    0x000067b8   0x000067b8   0x00000020   Data   RO         1384    Region$$Table       anon$$obj.o
    0x000067d8   0x000067d8   0x0000001c   Data   RO         1275    locale$$data        c_p.l(lc_numeric_c.o)


    Execution Region RW_IRAM1 (Exec base: 0x20000000, Load base: 0x000067f4, Size: 0x000016b0, Max: 0x00008000, ABSOLUTE, COMPRESSED[0x00000054])

    Exec Addr    Load Addr    Size         Type   Attr      Idx    E Section Name        Object

    0x20000000   COMPRESSED   0x00000004   Data   RW           13    .data               system_arty_cm1.o
    0x20000004   COMPRESSED   0x00000008   Data   RW          135    .data               xil_assert.o
    0x2000000c   COMPRESSED   0x00000004   Data   RW          136    .data               xil_assert.o
    0x20000010   COMPRESSED   0x0000000c   Data   RW          180    .data               main.o
    0x2000001c   COMPRESSED   0x0000000c   Data   RW          363    .data               uart.o
    0x20000028   COMPRESSED   0x00000030   Data   RW          425    .data               xgpio_g.o
    0x20000058   COMPRESSED   0x00000070   Data   RW          496    .data               xspi_g.o
    0x200000c8   COMPRESSED   0x00000028   Data   RW          507    .data               xspi_options.o
    0x200000f0   COMPRESSED   0x00000010   Data   RW          583    .data               xuartlite_g.o
    0x20000100   COMPRESSED   0x00000010   Data   RW          661    .data               pmodhygro.o
    0x20000110   COMPRESSED   0x00000002   Data   RW          863    .data               xtmrctr_l.o
    0x20000112   COMPRESSED   0x00000002   PAD
    0x20000114   COMPRESSED   0x0000001c   Data   RW          930    .data               pmodnav.o
    0x20000130        -       0x00000138   Zero   RW          178    .bss                main.o
    0x20000268        -       0x00000030   Zero   RW          286    .bss                gpio.o
    0x20000298        -       0x0000025c   Zero   RW          317    .bss                spi.o
    0x200004f4        -       0x0000014c   Zero   RW          361    .bss                uart.o
    0x20000640        -       0x0000000c   Zero   RW          660    .bss                pmodhygro.o
    0x2000064c        -       0x00000060   Zero   RW         1235    .bss                c_p.l(libspace.o)
    0x200006ac   COMPRESSED   0x00000004   PAD
    0x200006b0        -       0x00000c00   Zero   RW            2    HEAP                startup_arty_cm1.o
    0x200012b0        -       0x00000400   Zero   RW            1    STACK               startup_arty_cm1.o


==============================================================================

Image component sizes


      Code (inc. data)   RO Data    RW Data    ZI Data      Debug   Object Name

       404          8          0          0         48       8709   gpio.o
      1316        714         32         12        312      25874   main.o
        16          4          0          0          0       2818   outbyte.o
       660         32          0         16         12      10095   pmodhygro.o
      3842        176          0         28          0      35704   pmodnav.o
        20          0          0          0          0       2796   print.o
       564         44          0          0        604      12379   spi.o
        56         26        192          0       4096        724   startup_arty_cm1.o
        24          8          0          4          0       6357   system_arty_cm1.o
       132         20          0         12        332       3532   uart.o
       420         14         75          0          0       5543   xgpio.o
         0          0          0         48          0        868   xgpio_g.o
       572         14         80          0          0       4184   xgpio_intr.o
       104         14         81          0          0       1750   xgpio_sinit.o
      1000         34         79          0          0       7890   xiic.o
      1000          4          0          0          0      13698   xiic_l.o
       156         14         85          0          0       1776   xiic_stats.o
        32          4          0         12          0       4198   xil_assert.o
      1804         56         73          0          0      16634   xspi.o
         0          0          0        112          0        855   xspi_g.o
       224         20         81         40          0       2698   xspi_options.o
       104         12         79          0          0       1851   xspi_sinit.o
      1520         56         82          0          0      10358   xtmrctr.o
         0          0          0          2          0        814   xtmrctr_l.o
         4          0          0          0          0       1353   xtmrctr_sinit.o
       640         16         83          0          0       7374   xuartlite.o
         0          0          0         16          0        940   xuartlite_g.o
       400         14         88          0          0       3536   xuartlite_intr.o
        22          0          0          0          0       1120   xuartlite_l.o
       100         12         89          0          0       1794   xuartlite_sinit.o
       168         14         89          0          0       1698   xuartlite_stats.o

    ----------------------------------------------------------------------
     15306       1330       1344        304       5404     199920   Object Totals
         0          0         32          0          0          0   (incl. Generated)
         2          0         24          2          0          0   (incl. Padding)

    ----------------------------------------------------------------------

      Code (inc. data)   RO Data    RW Data    ZI Data      Debug   Library Member Name

        86          0          0          0          0          0   __dczerorl2.o
         8          0          0          0          0         68   __main.o
       108          0          0          0          0         76   __printf.o
         0          0          0          0          0          0   __rtentry.o
        12          0          0          0          0          0   __rtentry2.o
         6          0          0          0          0          0   __rtentry4.o
        60          8          0          0          0          0   __scatter.o
        28          0          0          0          0          0   __scatter_zi.o
        46          0          0          0          0        100   _printf_char.o
        48          6          0          0          0         88   _printf_char_common.o
       108         18          0          0          0         76   _printf_dec.o
        10          0          0          0          0          0   _printf_f.o
      1048         14          0          0          0        176   _printf_fp_dec.o
       136         16          0          0          0         76   _printf_fp_infnan.o
        88          4         40          0          0         72   _printf_hex_int.o
        10          0          0          0          0          0   _printf_i.o
       176          0          0          0          0         84   _printf_intcommon.o
         2          0          0          0          0          0   _printf_percent.o
         4          0          0          0          0          0   _printf_percent_end.o
        10          0          0          0          0          0   _printf_s.o
        82          0          0          0          0         72   _printf_str.o
        10          0          0          0          0          0   _printf_x.o
        10          0          0          0          0         60   _sputc.o
       346          0          0          0          0         92   aeabi_sdiv.o
       216          6        148          0          0         80   bigflt0.o
      1456         30          0          0          0        336   btod.o
        12          0          0          0          0         68   defsig_exit.o
        52          0          0          0          0         72   defsig_general.o
        80         58          0          0          0         68   defsig_rtmem_inner.o
        12          0          0          0          0         68   defsig_rtmem_outer.o
        16          0          0          0          0         68   exit.o
        98          0          0          0          0         72   h1_alloc.o
        52          0          0          0          0         68   h1_extend.o
        76          0          0          0          0         72   h1_free.o
        14          0          0          0          0         76   h1_init.o
         6          0          0          0          0        136   heapauxi.o
         4          0          0          0          0        120   hguard.o
         0          0          0          0          0          0   indicate_semi.o
       136          0          0          0          0        160   init_alloc.o
        44         10         28          0          0         76   lc_numeric_c.o
         2          0          0          0          0          0   libinit.o
        26          0          0          0          0          0   libinit2.o
         2          0          0          0          0          0   libshutdown.o
         2          0          0          0          0          0   libshutdown2.o
         8          4          0          0         96         68   libspace.o
       122          0          0          0          0         72   lludiv10.o
         0          0          0          0          0          0   maybetermalloc1.o
        40          4          0          0          0         84   noretval__2sprintf.o
         8          4          0          0          0         68   rt_heap_descriptor_intlibspace.o
         8          4          0          0          0         68   rt_locale_intlibspace.o
        56          0          0          0          0         68   rt_memcpy.o
         2          0          0          0          0          0   rtexit.o
        10          0          0          0          0          0   rtexit2.o
        40          0          0          0          0         60   rtudiv10.o
       136          4          0          0          0         72   strcmp.o
        76          6          0          0          0         72   strcpy.o
        12          4          0          0          0         60   sys_exit.o
        62          0          0          0          0         80   sys_stackheap_outer.o
        12          0          0          0          0         68   sys_wrch.o
         2          0          0          0          0         68   use_no_semi.o
       124          4          0          0          0         72   d2f.o
       856         20          0          0          0        208   daddsub.o
      1096         26        128          0          0        112   ddiv.o
        88          0          0          0          0         92   dflti.o
       584         26          0          0          0         84   dmul.o
        96         12          0          0          0         72   dscalbn.o
        84          4          0          0          0         60   f2d.o
       348          8          0          0          0        160   faddsub.o
       352         10         64          0          0         92   fdiv.o
        48          0          0          0          0         60   ffixui.o
        94          0          0          0          0         92   fflti.o
       130          0          0          0          0        100   ffltl.o
       176          4          0          0          0         80   fmul.o
        68          4          0          0          0         68   fscalbn.o
        16          4          0          0          0         76   printf1.o
         0          0          0          0          0          0   usenofp.o
        44          4          0          0          0         60   fpclassify.o

    ----------------------------------------------------------------------
      9554        326        408          0        100       4976   Library Totals
         8          0          0          0          4          0   (incl. Padding)

    ----------------------------------------------------------------------

      Code (inc. data)   RO Data    RW Data    ZI Data      Debug   Library Name

      5342        200        216          0         96       3488   c_p.l
      4160        122        192          0          0       1428   fz_ps.l
        44          4          0          0          0         60   m_ps.l

    ----------------------------------------------------------------------
      9554        326        408          0        100       4976   Library Totals

    ----------------------------------------------------------------------

==============================================================================


      Code (inc. data)   RO Data    RW Data    ZI Data      Debug   

     24860       1656       1752        304       5504     200908   Grand Totals
     24860       1656       1752         84       5504     200908   ELF Image Totals (compressed)
     24860       1656       1752         84          0          0   ROM Totals

==============================================================================

    Total RO  Size (Code + RO Data)                26612 (  25.99kB)
    Total RW  Size (RW Data + ZI Data)              5808 (   5.67kB)
    Total ROM Size (Code + RO Data + RW Data)      26696 (  26.07kB)

==============================================================================

